// Vitest Snapshot v1, https://vitest.dev/guide/snapshot.html

exports[`renders button correctly 1`] = `
<div>
  <button
    class="relative -m-2 rounded-md p-2 text-gray-400 hover:bg-slate-600 hover:text-white
        focus:bg-slate-600 focus:text-white focus:outline-none focus:ring focus:ring-slate-400/50
        active:bg-slate-700"
    type="button"
  >
    <span
      class="sr-only"
    >
      Close panel
    </span>
    <svg
      aria-hidden="true"
      class="block h-6 w-6"
      data-slot="icon"
      fill="none"
      stroke="currentColor"
      stroke-width="1.5"
      viewBox="0 0 24 24"
      xmlns="http://www.w3.org/2000/svg"
    >
      <path
        d="M6 18 18 6M6 6l12 12"
        stroke-linecap="round"
        stroke-linejoin="round"
      />
    </svg>
  </button>
</div>
`;
