// Vitest Snapshot v1, https://vitest.dev/guide/snapshot.html

exports[`renders 404 message correctly 1`] = `
<div>
  <article
    class="grid h-72 place-content-center justify-items-center"
  >
    <h1
      class="mb-4 text-6xl font-bold"
    >
      404
    </h1>
    <p
      class="italic text-gray-600"
    >
      Page Not Found
    </p>
  </article>
</div>
`;
